app/api/vapi/generate/route.ts(10,28): error TS2304: Cannot find name 'generateText'.
app/api/vapi/generate/route.ts(11,14): error TS2304: Cannot find name 'google'.
app/api/vapi/generate/route.ts(43,19): error TS2304: Cannot find name 'getRandomInterviewCover'.
app/api/vapi/generate/route.ts(47,11): error TS2304: Cannot find name 'db'.
components/FormField.tsx(26,19): error TS2304: Cannot find name 'T'.
components/WebcamAnalyzer.tsx(122,28): error TS7006: Parameter 'a' implicitly has an 'any' type.
components/WebcamAnalyzer.tsx(122,31): error TS7006: Parameter 'b' implicitly has an 'any' type.
lib/actions/general.action.ts(86,55): error TS2783: 'id' is specified more than once, so this usage will be overwritten.
